\BOOKMARK [1][-]{section.1}{\376\377\000E\000i\000n\000\040\000s\000t\000o\000l\000,\000\040\000f\000e\000m\000\040\000m\000a\000t\000e\000r\000i\000a\000l\000a\000r\000,\000\040\000t\000r\000e\000\040\000k\000o\000n\000t\000i\000n\000e\000n\000t}{}% 1
\BOOKMARK [1][-]{section.2}{\376\377\000T\000e\000o\000r\000i\000:\000\040\000m\000a\000t\000e\000r\000i\000a\000l\000a\000r\000\040\000s\000o\000m\000\040\000g\000e\000o\000p\000o\000l\000i\000t\000i\000s\000k\000e\000\040\000s\000p\000o\000r}{}% 2
\BOOKMARK [2][-]{subsection.2.1}{\376\377\000D\000e\000n\000\040\000m\000a\000t\000e\000r\000i\000e\000l\000l\000e\000\040\000s\000i\000v\000i\000l\000i\000s\000a\000s\000j\000o\000n\000e\000n}{section.2}% 3
\BOOKMARK [2][-]{subsection.2.2}{\376\377\000V\000e\000r\000d\000s\000y\000s\000t\000e\000m\000t\000e\000o\000r\000i\000\040\000o\000g\000\040\000m\000a\000t\000e\000r\000i\000a\000l\000s\000t\000r\000a\000u\000m\000a\000r}{section.2}% 4
\BOOKMARK [2][-]{subsection.2.3}{\376\377\000T\000r\000e\000\040\000m\000a\000t\000e\000r\000i\000a\000l\000k\000a\000t\000e\000g\000o\000r\000i\000a\000r}{section.2}% 5
\BOOKMARK [2][-]{subsection.2.4}{\376\377\000A\000f\000f\000o\000r\000d\000a\000n\000s\000e\000\040\000o\000g\000\040\000f\000o\000r\000m\000k\000a\000n\000a\000l\000i\000s\000e\000r\000i\000n\000g}{section.2}% 6
\BOOKMARK [2][-]{subsection.2.5}{\376\377\000I\000n\000f\000o\000r\000m\000a\000s\000j\000o\000n\000s\000t\000e\000o\000r\000i\000\040\000s\000o\000m\000\040\000m\000a\000t\000e\000r\000i\000e\000l\000t\000\040\000v\000e\000r\000k\000t\000\370\000y}{section.2}% 7
\BOOKMARK [1][-]{section.3}{\376\377\000M\000e\000t\000o\000d\000e}{}% 8
\BOOKMARK [2][-]{subsection.3.1}{\376\377\000D\000a\000t\000a\000g\000r\000u\000n\000n\000l\000a\000g}{section.3}% 9
\BOOKMARK [2][-]{subsection.3.2}{\376\377\000M\000a\000t\000e\000r\000i\000a\000l\000k\000u\000r\000v\000e\000a\000n\000a\000l\000y\000s\000e}{section.3}% 10
\BOOKMARK [1][-]{section.4}{\376\377\000R\000e\000s\000u\000l\000t\000a\000t}{}% 11
\BOOKMARK [2][-]{subsection.4.1}{\376\377\000M\000a\000h\000o\000g\000n\000i\000e\000n\000s\000\040\000b\000o\000g\000e}{section.4}% 12
\BOOKMARK [2][-]{subsection.4.2}{\376\377\000M\000a\000h\000o\000g\000n\000i\000\040\000p\000e\000r\000\040\000t\000i\000\345\000r\000:\000\040\000f\000i\000n\000a\000r\000e\000\040\000o\000p\000p\000l\000\370\000y\000s\000i\000n\000g}{section.4}% 13
\BOOKMARK [2][-]{subsection.4.3}{\376\377\000C\000u\000b\000a\000m\000a\000h\000o\000g\000n\000i\000:\000\040\000a\000r\000t\000s\000n\000i\000v\000\345\000e\000t}{section.4}% 14
\BOOKMARK [2][-]{subsection.4.4}{\376\377\000M\000a\000h\000o\000g\000n\000i\000-\000h\000e\000s\000t\000e\000t\000a\000g\000l\000-\000k\000o\000p\000l\000i\000n\000g\000a}{section.4}% 15
\BOOKMARK [2][-]{subsection.4.5}{\376\377\000E\000n\000t\000r\000o\000p\000i\000-\000k\000u\000r\000v\000a\000:\000\040\000t\000r\000e\000\040\000r\000e\000g\000i\000m\000e}{section.4}% 16
\BOOKMARK [2][-]{subsection.4.6}{\376\377\000N\000M\000K\000\040\000o\000g\000\040\000V\000\046\000A\000:\000\040\000s\000e\000n\000t\000r\000u\000m\000\040\000o\000g\000\040\000p\000e\000r\000i\000f\000e\000r\000i}{section.4}% 17
\BOOKMARK [2][-]{subsection.4.7}{\376\377\000M\000a\000t\000e\000r\000i\000e\000l\000l\000\040\000d\000o\000b\000b\000e\000l\000t\000h\000e\000i\000t}{section.4}% 18
\BOOKMARK [1][-]{section.5}{\376\377\000D\000i\000s\000k\000u\000s\000j\000o\000n}{}% 19
\BOOKMARK [2][-]{subsection.5.1}{\376\377\000M\000a\000h\000o\000g\000n\000i\000\040\000s\000o\000m\000\040\000k\000o\000l\000o\000n\000i\000a\000l\000t\000\040\000t\000e\000r\000m\000o\000m\000e\000t\000e\000r}{section.5}% 20
\BOOKMARK [2][-]{subsection.5.2}{\376\377\000U\000t\000f\000o\000r\000s\000k\000i\000n\000g\000\040\000o\000g\000\040\000u\000t\000n\000y\000t\000t\000i\000n\000g}{section.5}% 21
\BOOKMARK [2][-]{subsection.5.3}{\376\377\000D\000e\000n\000\040\000p\000o\000s\000t\000-\000k\000o\000l\000o\000n\000i\000a\000l\000e\000\040\000t\000i\000l\000b\000a\000k\000e\000k\000o\000m\000s\000t\000e\000n\000\040\000a\000v\000\040\000l\000o\000k\000a\000l\000t\000\040\000t\000r\000e}{section.5}% 22
\BOOKMARK [2][-]{subsection.5.4}{\376\377\000M\000a\000t\000e\000r\000i\000a\000l\000r\000a\000d\000i\000u\000s\000:\000\040\000k\000v\000a\000n\000t\000i\000f\000i\000s\000e\000r\000i\000n\000g\000\040\000a\000v\000\040\000g\000e\000o\000g\000r\000a\000f\000i\000s\000k\000\040\000r\000e\000k\000k\000j\000e\000v\000i\000d\000d}{section.5}% 23
\BOOKMARK [2][-]{subsection.5.5}{\376\377\000E\000r\000g\000o\000n\000o\000m\000i\000s\000k\000\040\000r\000a\000t\000i\000o\000:\000\040\000s\000t\000o\000l\000e\000n\000\040\000m\000i\000s\000t\000a\000r\000\040\000r\000y\000g\000g\000e\000n}{section.5}% 24
\BOOKMARK [2][-]{subsection.5.6}{\376\377\000M\000a\000t\000e\000r\000i\000a\000l\000\040\000f\000o\000l\000l\000o\000w\000s\000\040\000a\000c\000c\000e\000s\000s}{section.5}% 25
\BOOKMARK [2][-]{subsection.5.7}{\376\377\000H\000i\000s\000t\000o\000r\000i\000s\000k\000e\000\040\000k\000n\000u\000t\000e\000p\000u\000n\000k\000t}{section.5}% 26
\BOOKMARK [2][-]{subsection.5.8}{\376\377\0001\0005\0000\0000\000-\0001\0006\0000\0000\000:\000\040\000d\000e\000n\000\040\000s\000t\000o\000r\000s\000t\000e\000\040\000m\000a\000t\000e\000r\000i\000a\000l\000o\000m\000v\000e\000l\000t\000i\000n\000g\000a}{section.5}% 27
\BOOKMARK [2][-]{subsection.5.9}{\376\377\000T\000i\000d\000s\000f\000o\000r\000s\000e\000i\000n\000k\000i\000n\000g\000:\000\040\000g\000l\000o\000b\000a\000l\000i\000s\000e\000r\000i\000n\000g\000a\000\040\000s\000i\000n\000\040\000a\000k\000s\000e\000l\000e\000r\000a\000s\000j\000o\000n}{section.5}% 28
\BOOKMARK [2][-]{subsection.5.10}{\376\377\000M\000a\000t\000e\000r\000i\000a\000l\000s\000u\000k\000s\000e\000s\000j\000o\000n\000:\000\040\000k\000v\000a\000\040\000e\000r\000s\000t\000a\000t\000t\000a\000r\000\040\000k\000v\000a\000?}{section.5}% 29
\BOOKMARK [2][-]{subsection.5.11}{\376\377\000M\000a\000t\000e\000r\000i\000e\000l\000l\000\040\000d\000e\000m\000o\000k\000r\000a\000t\000i\000s\000e\000r\000i\000n\000g}{section.5}% 30
\BOOKMARK [2][-]{subsection.5.12}{\376\377\000M\000a\000t\000e\000r\000i\000e\000l\000l\000\040\000h\000a\000l\000v\000e\000r\000i\000n\000g\000s\000t\000i\000d}{section.5}% 31
\BOOKMARK [2][-]{subsection.5.13}{\376\377\000S\000i\000m\000p\000s\000o\000n\000-\000d\000i\000v\000e\000r\000s\000i\000t\000e\000t\000:\000\040\000e\000i\000n\000\040\000u\000a\000v\000h\000e\000n\000g\000i\000g\000\040\000s\000t\000a\000d\000f\000e\000s\000t\000r\000i\000n\000g}{section.5}% 32
\BOOKMARK [2][-]{subsection.5.14}{\376\377\000M\000a\000t\000e\000r\000i\000e\000l\000l\000\040\000d\000e\000m\000o\000g\000r\000a\000f\000i\000:\000\040\000k\000v\000a\000r\000\040\000m\000a\000t\000e\000r\000i\000a\000l\000e\000t\000s\000\040\000l\000i\000v\000s\000l\000o\000p\000s\000k\000u\000r\000v\000e}{section.5}% 33
\BOOKMARK [2][-]{subsection.5.15}{\376\377\000A\000a\000l\000t\000o\000\040\000o\000g\000\040\000b\000j\000\370\000r\000k\000a\000:\000\040\000e\000i\000t\000\040\000m\000o\000d\000e\000r\000n\000e\000\040\000m\000a\000t\000e\000r\000i\000a\000l\000m\000o\000n\000o\000p\000o\000l}{section.5}% 34
\BOOKMARK [2][-]{subsection.5.16}{\376\377\000I\000m\000p\000l\000i\000k\000a\000s\000j\000o\000n\000a\000r\000\040\000f\000o\000r\000\040\000d\000e\000s\000i\000g\000n\000h\000i\000s\000t\000o\000r\000i\000o\000g\000r\000a\000f\000i\000e\000n}{section.5}% 35
\BOOKMARK [2][-]{subsection.5.17}{\376\377\000A\000v\000g\000r\000e\000n\000s\000i\000n\000g\000a\000r}{section.5}% 36
\BOOKMARK [1][-]{section.6}{\376\377\000K\000o\000n\000k\000l\000u\000s\000j\000o\000n}{}% 37
