\BOOKMARK [1][-]{section.1}{\376\377\000I\000n\000n\000l\000e\000i\000i\000n\000g\000:\000\040\000d\000e\000t\000\040\000d\000e\000t\000e\000r\000m\000i\000n\000i\000s\000t\000i\000s\000k\000e\000\040\000a\000k\000s\000i\000o\000m\000e\000t}{}% 1
\BOOKMARK [1][-]{section.2}{\376\377\000D\000e\000i\000\040\000n\000i\000\040\000b\000e\000v\000i\000s\000a}{}% 2
\BOOKMARK [2][-]{subsection.2.1}{\376\377\000B\000e\000v\000i\000s\000\040\0001\000:\000\040\000M\000a\000s\000s\000i\000v\000\040\000f\000o\000r\000m\000v\000a\000r\000i\000a\000s\000j\000o\000n\000\040\000u\000n\000d\000e\000r\000\040\000k\000o\000n\000s\000t\000a\000n\000t\000\040\000f\000u\000n\000k\000s\000j\000o\000n}{section.2}% 3
\BOOKMARK [2][-]{subsection.2.2}{\376\377\000B\000e\000v\000i\000s\000\040\0002\000:\000\040\000M\000a\000t\000e\000r\000i\000a\000l\000e\000t\000\040\000f\000o\000r\000m\000a\000r}{section.2}% 4
\BOOKMARK [2][-]{subsection.2.3}{\376\377\000B\000e\000v\000i\000s\000\040\0003\000:\000\040\000M\000a\000t\000e\000r\000i\000a\000l\000e\000n\000t\000r\000o\000p\000i\000e\000n\000\040\000s\000t\000i\000g\000\040\000m\000o\000n\000o\000t\000o\000n\000t}{section.2}% 5
\BOOKMARK [2][-]{subsection.2.4}{\376\377\000B\000e\000v\000i\000s\000\040\0004\000:\000\040\000D\000i\000m\000e\000n\000s\000j\000o\000n\000a\000r\000\040\000k\000o\000d\000a\000r\000\040\000s\000t\000i\000l\000\040\000o\000g\000\040\000n\000a\000s\000j\000o\000n\000a\000l\000i\000t\000e\000t}{section.2}% 6
\BOOKMARK [2][-]{subsection.2.5}{\376\377\000B\000e\000v\000i\000s\000\040\0005\000:\000\040\000S\000t\000i\000l\000m\000e\000r\000k\000e\000t\000\040\000e\000r\000\040\000s\000v\000a\000k\000\040\000p\000r\000e\000d\000i\000k\000t\000o\000r}{section.2}% 7
\BOOKMARK [2][-]{subsection.2.6}{\376\377\000B\000e\000v\000i\000s\000\040\0006\000:\000\040\000M\000o\000d\000u\000l\000o\000r\000-\000a\000v\000v\000i\000k\000e\000t\000\040\000e\000r\000\040\000s\000y\000s\000t\000e\000m\000a\000t\000i\000s\000k\000\040\000n\000e\000g\000a\000t\000i\000v\000t}{section.2}% 8
\BOOKMARK [2][-]{subsection.2.7}{\376\377\000B\000e\000v\000i\000s\000\040\0007\000:\000\040\000J\000a\000c\000c\000a\000r\000d\000-\000k\000o\000n\000v\000e\000r\000g\000e\000n\000s\000\040\000m\000e\000l\000l\000o\000m\000\040\000m\000u\000s\000e\000u\000m}{section.2}% 9
\BOOKMARK [2][-]{subsection.2.8}{\376\377\000B\000e\000v\000i\000s\000\040\0008\000:\000\040\000V\000e\000k\000t\000r\000e\000d\000u\000k\000s\000j\000o\000n}{section.2}% 10
\BOOKMARK [2][-]{subsection.2.9}{\376\377\000B\000e\000v\000i\000s\000\040\0009\000:\000\040\000T\000e\000k\000n\000i\000k\000k\000-\000e\000n\000t\000r\000o\000p\000i\000\040\000s\000t\000i\000g\000\040\000p\000a\000r\000a\000l\000l\000e\000l\000t}{section.2}% 11
\BOOKMARK [1][-]{section.3}{\376\377\000S\000y\000n\000t\000e\000s\000e\000:\000\040\000F\000o\000r\000m\000\040\000F\000o\000l\000l\000o\000w\000s\000\040\000F\000i\000t\000n\000e\000s\000s}{}% 12
\BOOKMARK [2][-]{subsection.3.1}{\376\377\000F\000r\000\345\000\040\000f\000u\000n\000k\000s\000j\000o\000n\000\040\000t\000i\000l\000\040\000t\000i\000l\000p\000a\000s\000s\000i\000n\000g}{section.3}% 13
\BOOKMARK [2][-]{subsection.3.2}{\376\377\000F\000i\000t\000n\000e\000s\000s\000l\000a\000n\000d\000s\000k\000a\000p\000e\000t}{section.3}% 14
\BOOKMARK [2][-]{subsection.3.3}{\376\377\000S\000u\000l\000l\000i\000v\000a\000n\000\040\000s\000o\000m\000\040\000d\000e\000g\000e\000n\000e\000r\000e\000r\000t\000\040\000s\000p\000e\000s\000i\000a\000l\000t\000i\000l\000f\000e\000l\000l\000e}{section.3}% 15
\BOOKMARK [2][-]{subsection.3.4}{\376\377\000U\000t\000f\000o\000r\000s\000k\000i\000n\000g\000\040\000o\000g\000\040\000u\000t\000n\000y\000t\000t\000i\000n\000g}{section.3}% 16
\BOOKMARK [1][-]{section.4}{\376\377\000D\000i\000s\000k\000u\000s\000j\000o\000n}{}% 17
\BOOKMARK [2][-]{subsection.4.1}{\376\377\000I\000m\000p\000l\000i\000k\000a\000s\000j\000o\000n\000a\000r\000\040\000f\000o\000r\000\040\000d\000e\000s\000i\000g\000n\000p\000r\000a\000k\000s\000i\000s}{section.4}% 18
\BOOKMARK [2][-]{subsection.4.2}{\376\377\000G\000e\000n\000e\000r\000a\000l\000i\000s\000e\000r\000i\000n\000g}{section.4}% 19
\BOOKMARK [2][-]{subsection.4.3}{\376\377\000A\000v\000g\000r\000e\000n\000s\000i\000n\000g\000a\000r\000\040\000o\000g\000\040\000v\000i\000d\000a\000r\000e\000\040\000f\000o\000r\000s\000k\000i\000n\000g}{section.4}% 20
\BOOKMARK [2][-]{subsection.4.4}{\376\377\000F\000a\000l\000s\000i\000f\000i\000s\000e\000r\000b\000a\000r\000h\000e\000i\000t}{section.4}% 21
\BOOKMARK [1][-]{section.5}{\376\377\000K\000o\000n\000k\000l\000u\000s\000j\000o\000n}{}% 22
