\BOOKMARK [1][-]{section.1}{\376\377\000I\000n\000n\000l\000e\000i\000i\000n\000g\000:\000\040\000e\000r\000\040\000s\000t\000i\000l\000\040\000e\000i\000\040\000\345\000r\000s\000a\000k\000\040\000e\000l\000l\000e\000r\000\040\000e\000i\000t\000\040\000s\000y\000m\000p\000t\000o\000m\000?}{}% 1
\BOOKMARK [1][-]{section.2}{\376\377\000T\000e\000o\000r\000e\000t\000i\000s\000k\000\040\000b\000a\000k\000g\000r\000u\000n\000n}{}% 2
\BOOKMARK [2][-]{subsection.2.1}{\376\377\000S\000t\000i\000l\000o\000m\000g\000r\000e\000p\000e\000t\000\040\000i\000\040\000d\000e\000s\000i\000g\000n\000h\000i\000s\000t\000o\000r\000i\000e}{section.2}% 3
\BOOKMARK [2][-]{subsection.2.2}{\376\377\000M\000a\000s\000k\000i\000n\000l\000\346\000r\000i\000n\000g\000\040\000s\000o\000m\000\040\000e\000p\000i\000s\000t\000e\000m\000i\000s\000k\000\040\000v\000e\000r\000k\000t\000\370\000y}{section.2}% 4
\BOOKMARK [2][-]{subsection.2.3}{\376\377\000T\000e\000k\000n\000i\000k\000k\000\040\000s\000o\000m\000\040\000f\000o\000r\000m\000k\000r\000a\000f\000t}{section.2}% 5
\BOOKMARK [2][-]{subsection.2.4}{\376\377\000A\000f\000f\000o\000r\000d\000a\000n\000s\000a\000r\000\040\000o\000g\000\040\000m\000a\000t\000e\000r\000i\000a\000l\000-\000t\000e\000k\000n\000i\000k\000k\000-\000k\000o\000p\000l\000i\000n\000g\000a\000r}{section.2}% 6
\BOOKMARK [2][-]{subsection.2.5}{\376\377\000E\000r\000g\000o\000n\000o\000m\000i\000\040\000o\000g\000\040\000d\000e\000n\000\040\000v\000e\000r\000t\000i\000k\000a\000l\000e\000\040\000p\000r\000o\000f\000i\000l\000e\000n}{section.2}% 7
\BOOKMARK [1][-]{section.3}{\376\377\000M\000e\000t\000o\000d\000e}{}% 8
\BOOKMARK [2][-]{subsection.3.1}{\376\377\000K\000l\000a\000s\000s\000i\000f\000i\000k\000a\000s\000j\000o\000n\000\040\000a\000v\000\040\000s\000t\000i\000l\000p\000e\000r\000i\000o\000d\000e}{section.3}% 9
\BOOKMARK [2][-]{subsection.3.2}{\376\377\000T\000e\000k\000n\000i\000k\000k\000-\000e\000n\000t\000r\000o\000p\000i}{section.3}% 10
\BOOKMARK [2][-]{subsection.3.3}{\376\377\000A\000f\000f\000o\000r\000d\000a\000n\000s\000e\000m\000a\000t\000r\000i\000s\000e}{section.3}% 11
\BOOKMARK [2][-]{subsection.3.4}{\376\377\000E\000r\000g\000o\000n\000o\000m\000i\000s\000k\000\040\000r\000a\000t\000i\000o}{section.3}% 12
\BOOKMARK [2][-]{subsection.3.5}{\376\377\000S\000t\000i\000l\000i\000n\000t\000e\000r\000n\000\040\000k\000o\000n\000s\000i\000s\000t\000e\000n\000s}{section.3}% 13
\BOOKMARK [2][-]{subsection.3.6}{\376\377\000M\000a\000t\000e\000r\000i\000a\000l\000r\000e\000s\000e\000p\000t\000a\000r}{section.3}% 14
\BOOKMARK [2][-]{subsection.3.7}{\376\377\000E\000u\000k\000l\000i\000d\000i\000s\000k\000\040\000a\000v\000s\000t\000a\000n\000d\000\040\000m\000e\000l\000l\000o\000m\000\040\000s\000t\000i\000l\000a\000r}{section.3}% 15
\BOOKMARK [1][-]{section.4}{\376\377\000R\000e\000s\000u\000l\000t\000a\000t}{}% 16
\BOOKMARK [2][-]{subsection.4.1}{\376\377\000D\000i\000m\000e\000n\000s\000j\000o\000n\000a\000r\000\040\000p\000r\000e\000d\000i\000k\000e\000r\000e\000r\000\040\000s\000t\000i\000l\000p\000e\000r\000i\000o\000d\000e}{section.4}% 17
\BOOKMARK [2][-]{subsection.4.2}{\376\377\000N\000a\000s\000j\000o\000n\000a\000l\000i\000t\000e\000t\000\040\000o\000g\000\040\000h\000u\000n\000d\000r\000e\000\345\000r}{section.4}% 18
\BOOKMARK [2][-]{subsection.4.3}{\376\377\000D\000i\000m\000e\000n\000s\000j\000o\000n\000a\000r\000\040\000p\000e\000r\000\040\000s\000t\000i\000l\000p\000e\000r\000i\000o\000d\000e}{section.4}% 19
\BOOKMARK [2][-]{subsection.4.4}{\376\377\000D\000e\000n\000\040\000e\000r\000g\000o\000n\000o\000m\000i\000s\000k\000e\000\040\000r\000a\000t\000i\000o\000e\000n\000:\000\040\000s\000t\000o\000l\000e\000n\000\040\000m\000i\000s\000s\000e\000r\000\040\000r\000y\000g\000g\000e\000n}{section.4}% 20
\BOOKMARK [2][-]{subsection.4.5}{\376\377\000A\000f\000f\000o\000r\000d\000a\000n\000s\000e\000m\000a\000t\000r\000i\000s\000a\000:\000\040\000m\000a\000t\000e\000r\000i\000a\000l\000e\000t\000\040\000s\000o\000m\000\040\000f\000o\000r\000m\000f\000i\000l\000t\000e\000r}{section.4}% 21
\BOOKMARK [2][-]{subsection.4.6}{\376\377\000M\000a\000t\000e\000r\000i\000a\000l\000r\000e\000s\000e\000p\000t\000a\000r\000:\000\040\000s\000t\000a\000b\000i\000l\000e\000\040\000p\000a\000r\000\040\000o\000g\000\040\000e\000p\000o\000k\000e\000b\000u\000n\000d\000n\000e\000\040\000k\000o\000p\000l\000i\000n\000g\000a\000r}{section.4}% 22
\BOOKMARK [2][-]{subsection.4.7}{\376\377\000T\000e\000k\000n\000i\000k\000k\000-\000e\000n\000t\000r\000o\000p\000i\000:\000\040\000f\000o\000r\000m\000r\000o\000m\000m\000e\000t\000\040\000s\000i\000n\000e\000\040\000v\000e\000r\000k\000t\000\370\000y}{section.4}% 23
\BOOKMARK [3][-]{subsubsection.4.7.1}{\376\377\000T\000e\000k\000n\000i\000k\000k\000a\000r\000\040\000s\000o\000m\000\040\000f\000o\000r\000s\000v\000i\000n\000n\000\040\000o\000g\000\040\000o\000p\000p\000s\000t\000\345\000r}{subsection.4.7}% 24
\BOOKMARK [3][-]{subsubsection.4.7.2}{\376\377\000H\000i\000s\000t\000o\000r\000i\000s\000k\000\040\000k\000o\000n\000t\000e\000k\000s\000t\000\040\000f\000o\000r\000\040\000t\000e\000k\000n\000i\000k\000k\000e\000v\000o\000l\000u\000s\000j\000o\000n}{subsection.4.7}% 25
\BOOKMARK [2][-]{subsection.4.8}{\376\377\000M\000a\000t\000e\000r\000i\000a\000l\000-\000t\000e\000k\000n\000i\000k\000k\000-\000k\000o\000p\000l\000i\000n\000g\000a\000n\000e}{section.4}% 26
\BOOKMARK [2][-]{subsection.4.9}{\376\377\000F\000o\000r\000v\000e\000k\000s\000l\000i\000n\000g\000\040\000m\000e\000l\000l\000o\000m\000\040\000s\000t\000i\000l\000a\000r\000:\000\040\000e\000u\000k\000l\000i\000d\000i\000s\000k\000\040\000a\000v\000s\000t\000a\000n\000d}{section.4}% 27
\BOOKMARK [2][-]{subsection.4.10}{\376\377\000N\000a\000s\000j\000o\000n\000a\000l\000e\000\040\000d\000i\000m\000e\000n\000s\000j\000o\000n\000s\000s\000i\000g\000n\000a\000t\000u\000r\000a\000r}{section.4}% 28
\BOOKMARK [1][-]{section.5}{\376\377\000D\000i\000s\000k\000u\000s\000j\000o\000n}{}% 29
\BOOKMARK [2][-]{subsection.5.1}{\376\377\000S\000t\000i\000l\000p\000e\000r\000i\000o\000d\000a\000r\000\040\000s\000o\000m\000\040\000e\000m\000e\000r\000g\000e\000n\000t\000e\000\040\000k\000a\000t\000e\000g\000o\000r\000i\000a\000r}{section.5}% 30
\BOOKMARK [2][-]{subsection.5.2}{\376\377\000D\000e\000n\000\040\000k\000r\000o\000n\000o\000l\000o\000g\000i\000s\000k\000e\000\040\000d\000i\000m\000e\000n\000s\000j\000o\000n\000s\000g\000r\000a\000d\000i\000e\000n\000t\000e\000n}{section.5}% 31
\BOOKMARK [2][-]{subsection.5.3}{\376\377\000F\000o\000r\000v\000e\000k\000s\000l\000i\000n\000g\000s\000b\000a\000r\000e\000\040\000s\000t\000i\000l\000a\000r\000\040\000o\000g\000\040\000d\000e\000t\000\040\000u\000s\000k\000a\000r\000p\000e\000\040\000s\000t\000i\000l\000r\000o\000m\000m\000e\000t}{section.5}% 32
\BOOKMARK [2][-]{subsection.5.4}{\376\377\000M\000a\000t\000e\000r\000i\000a\000l\000r\000e\000s\000e\000p\000t\000a\000r\000\040\000s\000o\000m\000\040\000h\000i\000s\000t\000o\000r\000i\000s\000k\000e\000\040\000f\000i\000n\000g\000e\000r\000a\000v\000t\000r\000y\000k\000k}{section.5}% 33
\BOOKMARK [2][-]{subsection.5.5}{\376\377\000N\000a\000s\000j\000o\000n\000a\000l\000e\000\040\000d\000i\000m\000e\000n\000s\000j\000o\000n\000s\000s\000i\000g\000n\000a\000t\000u\000r\000a\000r\000\040\000o\000g\000\040\000m\000a\000t\000e\000r\000i\000a\000l\000k\000o\000d\000i\000n\000g}{section.5}% 34
\BOOKMARK [2][-]{subsection.5.6}{\376\377\000D\000i\000m\000e\000n\000s\000j\000o\000n\000a\000n\000e\000\040\000s\000i\000\040\000f\000o\000r\000k\000l\000a\000r\000i\000n\000g\000s\000k\000r\000a\000f\000t}{section.5}% 35
\BOOKMARK [2][-]{subsection.5.7}{\376\377\000T\000e\000k\000n\000i\000k\000k\000-\000e\000n\000t\000r\000o\000p\000i\000\040\000o\000g\000\040\000f\000o\000r\000m\000r\000o\000m\000m\000e\000t}{section.5}% 36
\BOOKMARK [2][-]{subsection.5.8}{\376\377\000S\000t\000i\000l\000a\000r\000\040\000s\000o\000m\000\040\000d\000i\000m\000e\000n\000s\000j\000o\000n\000e\000l\000l\000e\000\040\000k\000l\000y\000n\000g\000e\000r\000:\000\040\000i\000n\000t\000e\000r\000n\000\040\000k\000o\000n\000s\000i\000s\000t\000e\000n\000s}{section.5}% 37
\BOOKMARK [2][-]{subsection.5.9}{\376\377\000A\000f\000f\000o\000r\000d\000a\000n\000s\000a\000r\000\040\000o\000g\000\040\000d\000e\000n\000\040\000k\000a\000u\000s\000a\000l\000e\000\040\000k\000j\000e\000d\000a}{section.5}% 38
\BOOKMARK [2][-]{subsection.5.10}{\376\377\000D\000e\000n\000\040\000e\000r\000g\000o\000n\000o\000m\000i\000s\000k\000e\000\040\000r\000a\000t\000i\000o\000e\000n\000\040\000o\000g\000\040\000s\000t\000o\000l\000e\000n\000s\000\040\000f\000r\000a\000m\000t\000i\000d}{section.5}% 39
\BOOKMARK [2][-]{subsection.5.11}{\376\377\000N\000a\000m\000n\000g\000j\000e\000v\000n\000e\000\040\000d\000e\000s\000i\000g\000n\000a\000r\000a\000r\000\040\000i\000\040\000d\000a\000t\000a\000b\000a\000s\000e\000n}{section.5}% 40
\BOOKMARK [2][-]{subsection.5.12}{\376\377\000S\000t\000i\000l\000-\000t\000i\000d\000s\000k\000a\000r\000t\000:\000\040\000k\000o\000r\000\040\000l\000e\000n\000g\000e\000\040\000v\000a\000r\000e\000r\000\040\000e\000i\000n\000\040\000s\000t\000i\000l\000?}{section.5}% 41
\BOOKMARK [2][-]{subsection.5.13}{\376\377\000A\000v\000g\000r\000e\000n\000s\000i\000n\000g\000a\000r}{section.5}% 42
\BOOKMARK [2][-]{subsection.5.14}{\376\377\000T\000e\000k\000n\000i\000k\000k\000e\000n\000s\000\040\000d\000i\000m\000e\000n\000s\000j\000o\000n\000e\000l\000l\000e\000\040\000k\000o\000n\000s\000e\000k\000v\000e\000n\000s}{section.5}% 43
\BOOKMARK [2][-]{subsection.5.15}{\376\377\000S\000t\000i\000l\000e\000n\000s\000\040\000m\000a\000t\000e\000r\000i\000a\000l\000r\000e\000s\000e\000p\000t}{section.5}% 44
\BOOKMARK [2][-]{subsection.5.16}{\376\377\000S\000k\000a\000l\000e\000r\000i\000n\000g\000s\000e\000f\000f\000e\000k\000t\000e\000n}{section.5}% 45
\BOOKMARK [1][-]{section.6}{\376\377\000K\000o\000n\000k\000l\000u\000s\000j\000o\000n}{}% 46
