\BOOKMARK [1][-]{section.1}{\376\377\000E\000i\000n\000\040\000s\000t\000o\000l\000,\000\040\000f\000e\000m\000\040\000m\000a\000t\000e\000r\000i\000a\000l\000a\000r\000,\000\040\000t\000r\000e\000\040\000k\000o\000n\000t\000i\000n\000e\000n\000t}{}% 1
\BOOKMARK [1][-]{section.2}{\376\377\000T\000e\000o\000r\000i\000:\000\040\000m\000a\000t\000e\000r\000i\000a\000l\000a\000r\000\040\000s\000o\000m\000\040\000g\000e\000o\000p\000o\000l\000i\000t\000i\000s\000k\000e\000\040\000s\000p\000o\000r}{}% 2
\BOOKMARK [2][-]{subsection.2.1}{\376\377\000D\000e\000n\000\040\000m\000a\000t\000e\000r\000i\000e\000l\000l\000e\000\040\000s\000i\000v\000i\000l\000i\000s\000a\000s\000j\000o\000n\000e\000n}{section.2}% 3
\BOOKMARK [2][-]{subsection.2.2}{\376\377\000V\000e\000r\000d\000s\000y\000s\000t\000e\000m\000t\000e\000o\000r\000i\000\040\000o\000g\000\040\000m\000a\000t\000e\000r\000i\000a\000l\000s\000t\000r\000a\000u\000m\000a\000r}{section.2}% 4
\BOOKMARK [2][-]{subsection.2.3}{\376\377\000T\000r\000e\000\040\000m\000a\000t\000e\000r\000i\000a\000l\000k\000a\000t\000e\000g\000o\000r\000i\000a\000r}{section.2}% 5
\BOOKMARK [2][-]{subsection.2.4}{\376\377\000A\000f\000f\000o\000r\000d\000a\000n\000s\000e\000\040\000o\000g\000\040\000f\000o\000r\000m\000k\000a\000n\000a\000l\000i\000s\000e\000r\000i\000n\000g}{section.2}% 6
\BOOKMARK [2][-]{subsection.2.5}{\376\377\000I\000n\000f\000o\000r\000m\000a\000s\000j\000o\000n\000s\000t\000e\000o\000r\000i\000\040\000s\000o\000m\000\040\000m\000a\000t\000e\000r\000i\000e\000l\000t\000\040\000v\000e\000r\000k\000t\000\370\000y}{section.2}% 7
\BOOKMARK [1][-]{section.3}{\376\377\000M\000e\000t\000o\000d\000e}{}% 8
\BOOKMARK [2][-]{subsection.3.1}{\376\377\000D\000a\000t\000a\000g\000r\000u\000n\000n\000l\000a\000g}{section.3}% 9
\BOOKMARK [2][-]{subsection.3.2}{\376\377\000M\000a\000t\000e\000r\000i\000a\000l\000k\000u\000r\000v\000e\000a\000n\000a\000l\000y\000s\000e}{section.3}% 10
\BOOKMARK [1][-]{section.4}{\376\377\000R\000e\000s\000u\000l\000t\000a\000t}{}% 11
\BOOKMARK [2][-]{subsection.4.1}{\376\377\000M\000a\000h\000o\000g\000n\000i\000e\000n\000s\000\040\000b\000o\000g\000e}{section.4}% 12
\BOOKMARK [2][-]{subsection.4.2}{\376\377\000M\000a\000h\000o\000g\000n\000i\000\040\000p\000e\000r\000\040\000t\000i\000\345\000r\000:\000\040\000f\000i\000n\000a\000r\000e\000\040\000o\000p\000p\000l\000\370\000y\000s\000i\000n\000g}{section.4}% 13
\BOOKMARK [2][-]{subsection.4.3}{\376\377\000C\000u\000b\000a\000m\000a\000h\000o\000g\000n\000i\000:\000\040\000a\000r\000t\000s\000n\000i\000v\000\345\000e\000t}{section.4}% 14
\BOOKMARK [2][-]{subsection.4.4}{\376\377\000M\000a\000h\000o\000g\000n\000i\000-\000h\000e\000s\000t\000e\000t\000a\000g\000l\000-\000k\000o\000p\000l\000i\000n\000g\000a}{section.4}% 15
\BOOKMARK [2][-]{subsection.4.5}{\376\377\000E\000n\000t\000r\000o\000p\000i\000-\000k\000u\000r\000v\000a\000:\000\040\000t\000r\000e\000\040\000r\000e\000g\000i\000m\000e}{section.4}% 16
\BOOKMARK [2][-]{subsection.4.6}{\376\377\000N\000M\000K\000\040\000o\000g\000\040\000V\000\046\000A\000:\000\040\000s\000e\000n\000t\000r\000u\000m\000\040\000o\000g\000\040\000p\000e\000r\000i\000f\000e\000r\000i}{section.4}% 17
\BOOKMARK [2][-]{subsection.4.7}{\376\377\000M\000a\000t\000e\000r\000i\000e\000l\000l\000\040\000d\000o\000b\000b\000e\000l\000t\000h\000e\000i\000t}{section.4}% 18
\BOOKMARK [1][-]{section.5}{\376\377\000D\000i\000s\000k\000u\000s\000j\000o\000n}{}% 19
\BOOKMARK [2][-]{subsection.5.1}{\376\377\000M\000a\000h\000o\000g\000n\000i\000\040\000s\000o\000m\000\040\000k\000o\000l\000o\000n\000i\000a\000l\000t\000\040\000t\000e\000r\000m\000o\000m\000e\000t\000e\000r}{section.5}% 20
\BOOKMARK [2][-]{subsection.5.2}{\376\377\000U\000t\000f\000o\000r\000s\000k\000i\000n\000g\000\040\000o\000g\000\040\000u\000t\000n\000y\000t\000t\000i\000n\000g}{section.5}% 21
\BOOKMARK [2][-]{subsection.5.3}{\376\377\000D\000e\000n\000\040\000p\000o\000s\000t\000-\000k\000o\000l\000o\000n\000i\000a\000l\000e\000\040\000t\000i\000l\000b\000a\000k\000e\000k\000o\000m\000s\000t\000e\000n\000\040\000a\000v\00